// Jest Snapshot v1, https://goo.gl/fbAQLP

exports[`should render without crashing 1`] = `
ShallowWrapper {
  Symbol(enzyme.__root__): [Circular],
  Symbol(enzyme.__unrendered__): <DropDown />,
  Symbol(enzyme.__renderer__): Object {
    "batchedUpdates": [Function],
    "checkPropTypes": [Function],
    "getNode": [Function],
    "render": [Function],
    "simulateError": [Function],
    "simulateEvent": [Function],
    "unmount": [Function],
  },
  Symbol(enzyme.__node__): Object {
    "instance": null,
    "key": undefined,
    "nodeType": "host",
    "props": Object {
      "children": Array [
        <div
          className="drop-down-header"
        >
          <div
            className="logo"
          >
            <img
              alt=""
              src="Group 10@2x.png"
            />
            <h1>
              toggl clone
            </h1>
          </div>
          <span>
            X
          </span>
        </div>,
        <div
          className="drop-down-menu"
        >
          <ul>
            <li>
              <Link
                to="#"
              >
                Features
              </Link>
            </li>
            <hr />
            <li>
              <Link
                to="#"
              >
                Pricing
              </Link>
            </li>
            <hr />
            <li>
              <Link
                to="#"
              >
                Training
              </Link>
            </li>
            <hr />
            <li>
              <Link
                to="/login"
              >
                Log in
              </Link>
            </li>
            <hr />
            <li>
              <Link
                to="/signup"
              >
                Sign up
              </Link>
            </li>
          </ul>
        </div>,
      ],
    },
    "ref": null,
    "rendered": Array [
      Object {
        "instance": null,
        "key": undefined,
        "nodeType": "host",
        "props": Object {
          "children": Array [
            <div
              className="logo"
            >
              <img
                alt=""
                src="Group 10@2x.png"
              />
              <h1>
                toggl clone
              </h1>
            </div>,
            <span>
              X
            </span>,
          ],
          "className": "drop-down-header",
        },
        "ref": null,
        "rendered": Array [
          Object {
            "instance": null,
            "key": undefined,
            "nodeType": "host",
            "props": Object {
              "children": Array [
                <img
                  alt=""
                  src="Group 10@2x.png"
                />,
                <h1>
                  toggl clone
                </h1>,
              ],
              "className": "logo",
            },
            "ref": null,
            "rendered": Array [
              Object {
                "instance": null,
                "key": undefined,
                "nodeType": "host",
                "props": Object {
                  "alt": "",
                  "src": "Group 10@2x.png",
                },
                "ref": null,
                "rendered": null,
                "type": "img",
              },
              Object {
                "instance": null,
                "key": undefined,
                "nodeType": "host",
                "props": Object {
                  "children": "toggl clone",
                },
                "ref": null,
                "rendered": "toggl clone",
                "type": "h1",
              },
            ],
            "type": "div",
          },
          Object {
            "instance": null,
            "key": undefined,
            "nodeType": "host",
            "props": Object {
              "children": "X",
              "onClick": undefined,
            },
            "ref": null,
            "rendered": "X",
            "type": "span",
          },
        ],
        "type": "div",
      },
      Object {
        "instance": null,
        "key": undefined,
        "nodeType": "host",
        "props": Object {
          "children": <ul>
            <li>
              <Link
                to="#"
              >
                Features
              </Link>
            </li>
            <hr />
            <li>
              <Link
                to="#"
              >
                Pricing
              </Link>
            </li>
            <hr />
            <li>
              <Link
                to="#"
              >
                Training
              </Link>
            </li>
            <hr />
            <li>
              <Link
                to="/login"
              >
                Log in
              </Link>
            </li>
            <hr />
            <li>
              <Link
                to="/signup"
              >
                Sign up
              </Link>
            </li>
          </ul>,
          "className": "drop-down-menu",
        },
        "ref": null,
        "rendered": Object {
          "instance": null,
          "key": undefined,
          "nodeType": "host",
          "props": Object {
            "children": Array [
              <li>
                <Link
                  to="#"
                >
                  Features
                </Link>
              </li>,
              <hr />,
              <li>
                <Link
                  to="#"
                >
                  Pricing
                </Link>
              </li>,
              <hr />,
              <li>
                <Link
                  to="#"
                >
                  Training
                </Link>
              </li>,
              <hr />,
              <li>
                <Link
                  to="/login"
                >
                  Log in
                </Link>
              </li>,
              <hr />,
              <li>
                <Link
                  to="/signup"
                >
                  Sign up
                </Link>
              </li>,
            ],
          },
          "ref": null,
          "rendered": Array [
            Object {
              "instance": null,
              "key": undefined,
              "nodeType": "host",
              "props": Object {
                "children": <Link
                  to="#"
                >
                  Features
                </Link>,
              },
              "ref": null,
              "rendered": Object {
                "instance": null,
                "key": undefined,
                "nodeType": "class",
                "props": Object {
                  "children": "Features",
                  "onClick": undefined,
                  "to": "#",
                },
                "ref": null,
                "rendered": "Features",
                "type": [Function],
              },
              "type": "li",
            },
            Object {
              "instance": null,
              "key": undefined,
              "nodeType": "host",
              "props": Object {},
              "ref": null,
              "rendered": null,
              "type": "hr",
            },
            Object {
              "instance": null,
              "key": undefined,
              "nodeType": "host",
              "props": Object {
                "children": <Link
                  to="#"
                >
                  Pricing
                </Link>,
              },
              "ref": null,
              "rendered": Object {
                "instance": null,
                "key": undefined,
                "nodeType": "class",
                "props": Object {
                  "children": "Pricing",
                  "onClick": undefined,
                  "to": "#",
                },
                "ref": null,
                "rendered": "Pricing",
                "type": [Function],
              },
              "type": "li",
            },
            Object {
              "instance": null,
              "key": undefined,
              "nodeType": "host",
              "props": Object {},
              "ref": null,
              "rendered": null,
              "type": "hr",
            },
            Object {
              "instance": null,
              "key": undefined,
              "nodeType": "host",
              "props": Object {
                "children": <Link
                  to="#"
                >
                  Training
                </Link>,
              },
              "ref": null,
              "rendered": Object {
                "instance": null,
                "key": undefined,
                "nodeType": "class",
                "props": Object {
                  "children": "Training",
                  "onClick": undefined,
                  "to": "#",
                },
                "ref": null,
                "rendered": "Training",
                "type": [Function],
              },
              "type": "li",
            },
            Object {
              "instance": null,
              "key": undefined,
              "nodeType": "host",
              "props": Object {},
              "ref": null,
              "rendered": null,
              "type": "hr",
            },
            Object {
              "instance": null,
              "key": undefined,
              "nodeType": "host",
              "props": Object {
                "children": <Link
                  to="/login"
                >
                  Log in
                </Link>,
              },
              "ref": null,
              "rendered": Object {
                "instance": null,
                "key": undefined,
                "nodeType": "class",
                "props": Object {
                  "children": "Log in",
                  "onClick": undefined,
                  "to": "/login",
                },
                "ref": null,
                "rendered": "Log in",
                "type": [Function],
              },
              "type": "li",
            },
            Object {
              "instance": null,
              "key": undefined,
              "nodeType": "host",
              "props": Object {},
              "ref": null,
              "rendered": null,
              "type": "hr",
            },
            Object {
              "instance": null,
              "key": undefined,
              "nodeType": "host",
              "props": Object {
                "children": <Link
                  to="/signup"
                >
                  Sign up
                </Link>,
              },
              "ref": null,
              "rendered": Object {
                "instance": null,
                "key": undefined,
                "nodeType": "class",
                "props": Object {
                  "children": "Sign up",
                  "onClick": undefined,
                  "to": "/signup",
                },
                "ref": null,
                "rendered": "Sign up",
                "type": [Function],
              },
              "type": "li",
            },
          ],
          "type": "ul",
        },
        "type": "div",
      },
    ],
    "type": "div",
  },
  Symbol(enzyme.__nodes__): Array [
    Object {
      "instance": null,
      "key": undefined,
      "nodeType": "host",
      "props": Object {
        "children": Array [
          <div
            className="drop-down-header"
          >
            <div
              className="logo"
            >
              <img
                alt=""
                src="Group 10@2x.png"
              />
              <h1>
                toggl clone
              </h1>
            </div>
            <span>
              X
            </span>
          </div>,
          <div
            className="drop-down-menu"
          >
            <ul>
              <li>
                <Link
                  to="#"
                >
                  Features
                </Link>
              </li>
              <hr />
              <li>
                <Link
                  to="#"
                >
                  Pricing
                </Link>
              </li>
              <hr />
              <li>
                <Link
                  to="#"
                >
                  Training
                </Link>
              </li>
              <hr />
              <li>
                <Link
                  to="/login"
                >
                  Log in
                </Link>
              </li>
              <hr />
              <li>
                <Link
                  to="/signup"
                >
                  Sign up
                </Link>
              </li>
            </ul>
          </div>,
        ],
      },
      "ref": null,
      "rendered": Array [
        Object {
          "instance": null,
          "key": undefined,
          "nodeType": "host",
          "props": Object {
            "children": Array [
              <div
                className="logo"
              >
                <img
                  alt=""
                  src="Group 10@2x.png"
                />
                <h1>
                  toggl clone
                </h1>
              </div>,
              <span>
                X
              </span>,
            ],
            "className": "drop-down-header",
          },
          "ref": null,
          "rendered": Array [
            Object {
              "instance": null,
              "key": undefined,
              "nodeType": "host",
              "props": Object {
                "children": Array [
                  <img
                    alt=""
                    src="Group 10@2x.png"
                  />,
                  <h1>
                    toggl clone
                  </h1>,
                ],
                "className": "logo",
              },
              "ref": null,
              "rendered": Array [
                Object {
                  "instance": null,
                  "key": undefined,
                  "nodeType": "host",
                  "props": Object {
                    "alt": "",
                    "src": "Group 10@2x.png",
                  },
                  "ref": null,
                  "rendered": null,
                  "type": "img",
                },
                Object {
                  "instance": null,
                  "key": undefined,
                  "nodeType": "host",
                  "props": Object {
                    "children": "toggl clone",
                  },
                  "ref": null,
                  "rendered": "toggl clone",
                  "type": "h1",
                },
              ],
              "type": "div",
            },
            Object {
              "instance": null,
              "key": undefined,
              "nodeType": "host",
              "props": Object {
                "children": "X",
                "onClick": undefined,
              },
              "ref": null,
              "rendered": "X",
              "type": "span",
            },
          ],
          "type": "div",
        },
        Object {
          "instance": null,
          "key": undefined,
          "nodeType": "host",
          "props": Object {
            "children": <ul>
              <li>
                <Link
                  to="#"
                >
                  Features
                </Link>
              </li>
              <hr />
              <li>
                <Link
                  to="#"
                >
                  Pricing
                </Link>
              </li>
              <hr />
              <li>
                <Link
                  to="#"
                >
                  Training
                </Link>
              </li>
              <hr />
              <li>
                <Link
                  to="/login"
                >
                  Log in
                </Link>
              </li>
              <hr />
              <li>
                <Link
                  to="/signup"
                >
                  Sign up
                </Link>
              </li>
            </ul>,
            "className": "drop-down-menu",
          },
          "ref": null,
          "rendered": Object {
            "instance": null,
            "key": undefined,
            "nodeType": "host",
            "props": Object {
              "children": Array [
                <li>
                  <Link
                    to="#"
                  >
                    Features
                  </Link>
                </li>,
                <hr />,
                <li>
                  <Link
                    to="#"
                  >
                    Pricing
                  </Link>
                </li>,
                <hr />,
                <li>
                  <Link
                    to="#"
                  >
                    Training
                  </Link>
                </li>,
                <hr />,
                <li>
                  <Link
                    to="/login"
                  >
                    Log in
                  </Link>
                </li>,
                <hr />,
                <li>
                  <Link
                    to="/signup"
                  >
                    Sign up
                  </Link>
                </li>,
              ],
            },
            "ref": null,
            "rendered": Array [
              Object {
                "instance": null,
                "key": undefined,
                "nodeType": "host",
                "props": Object {
                  "children": <Link
                    to="#"
                  >
                    Features
                  </Link>,
                },
                "ref": null,
                "rendered": Object {
                  "instance": null,
                  "key": undefined,
                  "nodeType": "class",
                  "props": Object {
                    "children": "Features",
                    "onClick": undefined,
                    "to": "#",
                  },
                  "ref": null,
                  "rendered": "Features",
                  "type": [Function],
                },
                "type": "li",
              },
              Object {
                "instance": null,
                "key": undefined,
                "nodeType": "host",
                "props": Object {},
                "ref": null,
                "rendered": null,
                "type": "hr",
              },
              Object {
                "instance": null,
                "key": undefined,
                "nodeType": "host",
                "props": Object {
                  "children": <Link
                    to="#"
                  >
                    Pricing
                  </Link>,
                },
                "ref": null,
                "rendered": Object {
                  "instance": null,
                  "key": undefined,
                  "nodeType": "class",
                  "props": Object {
                    "children": "Pricing",
                    "onClick": undefined,
                    "to": "#",
                  },
                  "ref": null,
                  "rendered": "Pricing",
                  "type": [Function],
                },
                "type": "li",
              },
              Object {
                "instance": null,
                "key": undefined,
                "nodeType": "host",
                "props": Object {},
                "ref": null,
                "rendered": null,
                "type": "hr",
              },
              Object {
                "instance": null,
                "key": undefined,
                "nodeType": "host",
                "props": Object {
                  "children": <Link
                    to="#"
                  >
                    Training
                  </Link>,
                },
                "ref": null,
                "rendered": Object {
                  "instance": null,
                  "key": undefined,
                  "nodeType": "class",
                  "props": Object {
                    "children": "Training",
                    "onClick": undefined,
                    "to": "#",
                  },
                  "ref": null,
                  "rendered": "Training",
                  "type": [Function],
                },
                "type": "li",
              },
              Object {
                "instance": null,
                "key": undefined,
                "nodeType": "host",
                "props": Object {},
                "ref": null,
                "rendered": null,
                "type": "hr",
              },
              Object {
                "instance": null,
                "key": undefined,
                "nodeType": "host",
                "props": Object {
                  "children": <Link
                    to="/login"
                  >
                    Log in
                  </Link>,
                },
                "ref": null,
                "rendered": Object {
                  "instance": null,
                  "key": undefined,
                  "nodeType": "class",
                  "props": Object {
                    "children": "Log in",
                    "onClick": undefined,
                    "to": "/login",
                  },
                  "ref": null,
                  "rendered": "Log in",
                  "type": [Function],
                },
                "type": "li",
              },
              Object {
                "instance": null,
                "key": undefined,
                "nodeType": "host",
                "props": Object {},
                "ref": null,
                "rendered": null,
                "type": "hr",
              },
              Object {
                "instance": null,
                "key": undefined,
                "nodeType": "host",
                "props": Object {
                  "children": <Link
                    to="/signup"
                  >
                    Sign up
                  </Link>,
                },
                "ref": null,
                "rendered": Object {
                  "instance": null,
                  "key": undefined,
                  "nodeType": "class",
                  "props": Object {
                    "children": "Sign up",
                    "onClick": undefined,
                    "to": "/signup",
                  },
                  "ref": null,
                  "rendered": "Sign up",
                  "type": [Function],
                },
                "type": "li",
              },
            ],
            "type": "ul",
          },
          "type": "div",
        },
      ],
      "type": "div",
    },
  ],
  Symbol(enzyme.__options__): Object {
    "adapter": ReactSixteenAdapter {
      "options": Object {
        "enableComponentDidUpdateOnSetState": true,
        "legacyContextMode": "parent",
        "lifecycles": Object {
          "componentDidUpdate": Object {
            "onSetState": true,
          },
          "getChildContext": Object {
            "calledByRenderer": false,
          },
          "getDerivedStateFromProps": Object {
            "hasShouldComponentUpdateBug": false,
          },
          "getSnapshotBeforeUpdate": true,
          "setState": Object {
            "skipsComponentDidUpdateOnNullish": true,
          },
        },
      },
    },
  },
}
`;
