// Jest Snapshot v1, https://goo.gl/fbAQLP

exports[`should render without crashing 1`] = `
ShallowWrapper {
  Symbol(enzyme.__root__): [Circular],
  Symbol(enzyme.__unrendered__): <Header />,
  Symbol(enzyme.__renderer__): Object {
    "batchedUpdates": [Function],
    "checkPropTypes": [Function],
    "getNode": [Function],
    "render": [Function],
    "simulateError": [Function],
    "simulateEvent": [Function],
    "unmount": [Function],
  },
  Symbol(enzyme.__node__): Object {
    "instance": null,
    "key": undefined,
    "nodeType": "host",
    "props": Object {
      "children": Array [
        <Link
          to="/"
        >
          <div
            className="logo"
          >
            <img
              alt="Logo"
              src="Group 10@2x.png"
            />
            <h1>
              toggl clone
            </h1>
          </div>
        </Link>,
        <HamburgerMenu />,
        <div
          className="nav"
        >
          <ul>
            <li>
              <Link
                to="#"
              >
                Features
              </Link>
            </li>
            <li>
              <Link
                to="#"
              >
                Pricing
              </Link>
            </li>
            <li>
              <Link
                to="#"
              >
                Training
              </Link>
            </li>
            <li>
              <Link
                id="_log-in"
                to="/login"
              >
                Log in
              </Link>
            </li>
            <li>
              <Link
                to="/signup"
              >
                Sign up
              </Link>
            </li>
          </ul>
        </div>,
      ],
      "className": "header",
    },
    "ref": null,
    "rendered": Array [
      Object {
        "instance": null,
        "key": undefined,
        "nodeType": "class",
        "props": Object {
          "children": <div
            className="logo"
          >
            <img
              alt="Logo"
              src="Group 10@2x.png"
            />
            <h1>
              toggl clone
            </h1>
          </div>,
          "to": "/",
        },
        "ref": null,
        "rendered": Object {
          "instance": null,
          "key": undefined,
          "nodeType": "host",
          "props": Object {
            "children": Array [
              <img
                alt="Logo"
                src="Group 10@2x.png"
              />,
              <h1>
                toggl clone
              </h1>,
            ],
            "className": "logo",
          },
          "ref": null,
          "rendered": Array [
            Object {
              "instance": null,
              "key": undefined,
              "nodeType": "host",
              "props": Object {
                "alt": "Logo",
                "src": "Group 10@2x.png",
              },
              "ref": null,
              "rendered": null,
              "type": "img",
            },
            Object {
              "instance": null,
              "key": undefined,
              "nodeType": "host",
              "props": Object {
                "children": "toggl clone",
              },
              "ref": null,
              "rendered": "toggl clone",
              "type": "h1",
            },
          ],
          "type": "div",
        },
        "type": [Function],
      },
      Object {
        "instance": null,
        "key": undefined,
        "nodeType": "function",
        "props": Object {
          "showDropDown": undefined,
        },
        "ref": null,
        "rendered": null,
        "type": [Function],
      },
      Object {
        "instance": null,
        "key": undefined,
        "nodeType": "host",
        "props": Object {
          "children": <ul>
            <li>
              <Link
                to="#"
              >
                Features
              </Link>
            </li>
            <li>
              <Link
                to="#"
              >
                Pricing
              </Link>
            </li>
            <li>
              <Link
                to="#"
              >
                Training
              </Link>
            </li>
            <li>
              <Link
                id="_log-in"
                to="/login"
              >
                Log in
              </Link>
            </li>
            <li>
              <Link
                to="/signup"
              >
                Sign up
              </Link>
            </li>
          </ul>,
          "className": "nav",
        },
        "ref": null,
        "rendered": Object {
          "instance": null,
          "key": undefined,
          "nodeType": "host",
          "props": Object {
            "children": Array [
              <li>
                <Link
                  to="#"
                >
                  Features
                </Link>
              </li>,
              <li>
                <Link
                  to="#"
                >
                  Pricing
                </Link>
              </li>,
              <li>
                <Link
                  to="#"
                >
                  Training
                </Link>
              </li>,
              <li>
                <Link
                  id="_log-in"
                  to="/login"
                >
                  Log in
                </Link>
              </li>,
              <li>
                <Link
                  to="/signup"
                >
                  Sign up
                </Link>
              </li>,
            ],
          },
          "ref": null,
          "rendered": Array [
            Object {
              "instance": null,
              "key": undefined,
              "nodeType": "host",
              "props": Object {
                "children": <Link
                  to="#"
                >
                  Features
                </Link>,
              },
              "ref": null,
              "rendered": Object {
                "instance": null,
                "key": undefined,
                "nodeType": "class",
                "props": Object {
                  "children": "Features",
                  "to": "#",
                },
                "ref": null,
                "rendered": "Features",
                "type": [Function],
              },
              "type": "li",
            },
            Object {
              "instance": null,
              "key": undefined,
              "nodeType": "host",
              "props": Object {
                "children": <Link
                  to="#"
                >
                  Pricing
                </Link>,
              },
              "ref": null,
              "rendered": Object {
                "instance": null,
                "key": undefined,
                "nodeType": "class",
                "props": Object {
                  "children": "Pricing",
                  "to": "#",
                },
                "ref": null,
                "rendered": "Pricing",
                "type": [Function],
              },
              "type": "li",
            },
            Object {
              "instance": null,
              "key": undefined,
              "nodeType": "host",
              "props": Object {
                "children": <Link
                  to="#"
                >
                  Training
                </Link>,
              },
              "ref": null,
              "rendered": Object {
                "instance": null,
                "key": undefined,
                "nodeType": "class",
                "props": Object {
                  "children": "Training",
                  "to": "#",
                },
                "ref": null,
                "rendered": "Training",
                "type": [Function],
              },
              "type": "li",
            },
            Object {
              "instance": null,
              "key": undefined,
              "nodeType": "host",
              "props": Object {
                "children": <Link
                  id="_log-in"
                  to="/login"
                >
                  Log in
                </Link>,
              },
              "ref": null,
              "rendered": Object {
                "instance": null,
                "key": undefined,
                "nodeType": "class",
                "props": Object {
                  "children": "Log in",
                  "id": "_log-in",
                  "to": "/login",
                },
                "ref": null,
                "rendered": "Log in",
                "type": [Function],
              },
              "type": "li",
            },
            Object {
              "instance": null,
              "key": undefined,
              "nodeType": "host",
              "props": Object {
                "children": <Link
                  to="/signup"
                >
                  Sign up
                </Link>,
              },
              "ref": null,
              "rendered": Object {
                "instance": null,
                "key": undefined,
                "nodeType": "class",
                "props": Object {
                  "children": "Sign up",
                  "to": "/signup",
                },
                "ref": null,
                "rendered": "Sign up",
                "type": [Function],
              },
              "type": "li",
            },
          ],
          "type": "ul",
        },
        "type": "div",
      },
    ],
    "type": "div",
  },
  Symbol(enzyme.__nodes__): Array [
    Object {
      "instance": null,
      "key": undefined,
      "nodeType": "host",
      "props": Object {
        "children": Array [
          <Link
            to="/"
          >
            <div
              className="logo"
            >
              <img
                alt="Logo"
                src="Group 10@2x.png"
              />
              <h1>
                toggl clone
              </h1>
            </div>
          </Link>,
          <HamburgerMenu />,
          <div
            className="nav"
          >
            <ul>
              <li>
                <Link
                  to="#"
                >
                  Features
                </Link>
              </li>
              <li>
                <Link
                  to="#"
                >
                  Pricing
                </Link>
              </li>
              <li>
                <Link
                  to="#"
                >
                  Training
                </Link>
              </li>
              <li>
                <Link
                  id="_log-in"
                  to="/login"
                >
                  Log in
                </Link>
              </li>
              <li>
                <Link
                  to="/signup"
                >
                  Sign up
                </Link>
              </li>
            </ul>
          </div>,
        ],
        "className": "header",
      },
      "ref": null,
      "rendered": Array [
        Object {
          "instance": null,
          "key": undefined,
          "nodeType": "class",
          "props": Object {
            "children": <div
              className="logo"
            >
              <img
                alt="Logo"
                src="Group 10@2x.png"
              />
              <h1>
                toggl clone
              </h1>
            </div>,
            "to": "/",
          },
          "ref": null,
          "rendered": Object {
            "instance": null,
            "key": undefined,
            "nodeType": "host",
            "props": Object {
              "children": Array [
                <img
                  alt="Logo"
                  src="Group 10@2x.png"
                />,
                <h1>
                  toggl clone
                </h1>,
              ],
              "className": "logo",
            },
            "ref": null,
            "rendered": Array [
              Object {
                "instance": null,
                "key": undefined,
                "nodeType": "host",
                "props": Object {
                  "alt": "Logo",
                  "src": "Group 10@2x.png",
                },
                "ref": null,
                "rendered": null,
                "type": "img",
              },
              Object {
                "instance": null,
                "key": undefined,
                "nodeType": "host",
                "props": Object {
                  "children": "toggl clone",
                },
                "ref": null,
                "rendered": "toggl clone",
                "type": "h1",
              },
            ],
            "type": "div",
          },
          "type": [Function],
        },
        Object {
          "instance": null,
          "key": undefined,
          "nodeType": "function",
          "props": Object {
            "showDropDown": undefined,
          },
          "ref": null,
          "rendered": null,
          "type": [Function],
        },
        Object {
          "instance": null,
          "key": undefined,
          "nodeType": "host",
          "props": Object {
            "children": <ul>
              <li>
                <Link
                  to="#"
                >
                  Features
                </Link>
              </li>
              <li>
                <Link
                  to="#"
                >
                  Pricing
                </Link>
              </li>
              <li>
                <Link
                  to="#"
                >
                  Training
                </Link>
              </li>
              <li>
                <Link
                  id="_log-in"
                  to="/login"
                >
                  Log in
                </Link>
              </li>
              <li>
                <Link
                  to="/signup"
                >
                  Sign up
                </Link>
              </li>
            </ul>,
            "className": "nav",
          },
          "ref": null,
          "rendered": Object {
            "instance": null,
            "key": undefined,
            "nodeType": "host",
            "props": Object {
              "children": Array [
                <li>
                  <Link
                    to="#"
                  >
                    Features
                  </Link>
                </li>,
                <li>
                  <Link
                    to="#"
                  >
                    Pricing
                  </Link>
                </li>,
                <li>
                  <Link
                    to="#"
                  >
                    Training
                  </Link>
                </li>,
                <li>
                  <Link
                    id="_log-in"
                    to="/login"
                  >
                    Log in
                  </Link>
                </li>,
                <li>
                  <Link
                    to="/signup"
                  >
                    Sign up
                  </Link>
                </li>,
              ],
            },
            "ref": null,
            "rendered": Array [
              Object {
                "instance": null,
                "key": undefined,
                "nodeType": "host",
                "props": Object {
                  "children": <Link
                    to="#"
                  >
                    Features
                  </Link>,
                },
                "ref": null,
                "rendered": Object {
                  "instance": null,
                  "key": undefined,
                  "nodeType": "class",
                  "props": Object {
                    "children": "Features",
                    "to": "#",
                  },
                  "ref": null,
                  "rendered": "Features",
                  "type": [Function],
                },
                "type": "li",
              },
              Object {
                "instance": null,
                "key": undefined,
                "nodeType": "host",
                "props": Object {
                  "children": <Link
                    to="#"
                  >
                    Pricing
                  </Link>,
                },
                "ref": null,
                "rendered": Object {
                  "instance": null,
                  "key": undefined,
                  "nodeType": "class",
                  "props": Object {
                    "children": "Pricing",
                    "to": "#",
                  },
                  "ref": null,
                  "rendered": "Pricing",
                  "type": [Function],
                },
                "type": "li",
              },
              Object {
                "instance": null,
                "key": undefined,
                "nodeType": "host",
                "props": Object {
                  "children": <Link
                    to="#"
                  >
                    Training
                  </Link>,
                },
                "ref": null,
                "rendered": Object {
                  "instance": null,
                  "key": undefined,
                  "nodeType": "class",
                  "props": Object {
                    "children": "Training",
                    "to": "#",
                  },
                  "ref": null,
                  "rendered": "Training",
                  "type": [Function],
                },
                "type": "li",
              },
              Object {
                "instance": null,
                "key": undefined,
                "nodeType": "host",
                "props": Object {
                  "children": <Link
                    id="_log-in"
                    to="/login"
                  >
                    Log in
                  </Link>,
                },
                "ref": null,
                "rendered": Object {
                  "instance": null,
                  "key": undefined,
                  "nodeType": "class",
                  "props": Object {
                    "children": "Log in",
                    "id": "_log-in",
                    "to": "/login",
                  },
                  "ref": null,
                  "rendered": "Log in",
                  "type": [Function],
                },
                "type": "li",
              },
              Object {
                "instance": null,
                "key": undefined,
                "nodeType": "host",
                "props": Object {
                  "children": <Link
                    to="/signup"
                  >
                    Sign up
                  </Link>,
                },
                "ref": null,
                "rendered": Object {
                  "instance": null,
                  "key": undefined,
                  "nodeType": "class",
                  "props": Object {
                    "children": "Sign up",
                    "to": "/signup",
                  },
                  "ref": null,
                  "rendered": "Sign up",
                  "type": [Function],
                },
                "type": "li",
              },
            ],
            "type": "ul",
          },
          "type": "div",
        },
      ],
      "type": "div",
    },
  ],
  Symbol(enzyme.__options__): Object {
    "adapter": ReactSixteenAdapter {
      "options": Object {
        "enableComponentDidUpdateOnSetState": true,
        "legacyContextMode": "parent",
        "lifecycles": Object {
          "componentDidUpdate": Object {
            "onSetState": true,
          },
          "getChildContext": Object {
            "calledByRenderer": false,
          },
          "getDerivedStateFromProps": Object {
            "hasShouldComponentUpdateBug": false,
          },
          "getSnapshotBeforeUpdate": true,
          "setState": Object {
            "skipsComponentDidUpdateOnNullish": true,
          },
        },
      },
    },
  },
}
`;
